17:08:19 **** Incremental Build of configuration Debug for project 003LED_periodic_Task ****
make -j8 all 
arm-none-eabi-gcc "../Core/Src/main.c" -mcpu=cortex-m4 -std=gnu11 -g3 -DDEBUG -DUSE_HAL_DRIVER -DSTM32F446xx -c -I../Core/Inc -I../Drivers/STM32F4xx_HAL_Driver/Inc -I../Drivers/STM32F4xx_HAL_Driver/Inc/Legacy -I../Drivers/CMSIS/Device/ST/STM32F4xx/Include -I../Drivers/CMSIS/Include -I"E:/Git/STM32_FreeRTOS/RTOS_workspace/common/ThiredParty/SEGGER/SEGGER" -I"E:/Git/STM32_FreeRTOS/RTOS_workspace/common/ThiredParty/SEGGER/OS" -I"E:/Git/STM32_FreeRTOS/RTOS_workspace/common/ThiredParty/SEGGER/Config" -I"E:/Git/STM32_FreeRTOS/RTOS_workspace/common/ThiredParty/FreeRTOS/include" -I"E:/Git/STM32_FreeRTOS/RTOS_workspace/common/ThiredParty/FreeRTOS/portable/GCC/ARM_CM4F" -I"E:/Git/STM32_FreeRTOS/RTOS_workspace/common/ThiredParty/FreeRTOS" -O0 -ffunction-sections -fdata-sections -Wall -fstack-usage -fcyclomatic-complexity -MMD -MP -MF"Core/Src/main.d" -MT"Core/Src/main.o" --specs=nano.specs -mfpu=fpv4-sp-d16 -mfloat-abi=hard -mthumb -o "Core/Src/main.o"
arm-none-eabi-gcc -o "003LED_periodic_Task.elf" @"objects.list"   -mcpu=cortex-m4 -T"E:\Git\STM32_FreeRTOS\RTOS_workspace\003LED_periodic_Task\STM32F446RETX_FLASH.ld" --specs=nosys.specs -Wl,-Map="003LED_periodic_Task.map" -Wl,--gc-sections -static --specs=nano.specs -mfpu=fpv4-sp-d16 -mfloat-abi=hard -mthumb -Wl,--start-group -lc -lm -Wl,--end-group
Finished building target: 003LED_periodic_Task.elf
 
arm-none-eabi-size  003LED_periodic_Task.elf 
arm-none-eabi-objdump -h -S 003LED_periodic_Task.elf  > "003LED_periodic_Task.list"
   text	   data	    bss	    dec	    hex	filename
  30104	     24	  84624	 114752	  1c040	003LED_periodic_Task.elf
Finished building: default.size.stdout
 
Finished building: 003LED_periodic_Task.list
 
